ERROR - 2026-10-07 05:20:44 --> Error connecting to the database: mysqli_sql_exception: Unknown database 'electric_company' in C:\xampp\htdocs\electric_company_dejesus\system\Database\MySQLi\Connection.php:186
Stack trace:
#0 C:\xampp\htdocs\electric_company_dejesus\system\Database\MySQLi\Connection.php(186): mysqli->real_connect('localhost', 'root', Object(SensitiveParameterValue), 'electric_compan...', 3306, '', 0)
#1 C:\xampp\htdocs\electric_company_dejesus\system\Database\BaseConnection.php(421): CodeIgniter\Database\MySQLi\Connection->connect(false)
#2 C:\xampp\htdocs\electric_company_dejesus\system\Database\BaseConnection.php(616): CodeIgniter\Database\BaseConnection->initialize()
#3 C:\xampp\htdocs\electric_company_dejesus\system\Database\BaseBuilder.php(1644): CodeIgniter\Database\BaseConnection->query('SELECT *\nFROM `...', Array, false)
#4 C:\xampp\htdocs\electric_company_dejesus\system\Model.php(330): CodeIgniter\Database\BaseBuilder->get()
#5 C:\xampp\htdocs\electric_company_dejesus\system\BaseModel.php(714): CodeIgniter\Model->doFirst()
#6 C:\xampp\htdocs\electric_company_dejesus\app\Models\User.php(87): CodeIgniter\BaseModel->first()
#7 C:\xampp\htdocs\electric_company_dejesus\app\Controllers\Auth.php(31): App\Models\User->findByEmail('ajdejesus@fit.e...')
#8 C:\xampp\htdocs\electric_company_dejesus\system\CodeIgniter.php(933): App\Controllers\Auth->login()
#9 C:\xampp\htdocs\electric_company_dejesus\system\CodeIgniter.php(509): CodeIgniter\CodeIgniter->runController(Object(App\Controllers\Auth))
#10 C:\xampp\htdocs\electric_company_dejesus\system\CodeIgniter.php(355): CodeIgniter\CodeIgniter->handleRequest(NULL, Object(Config\Cache), false)
#11 C:\xampp\htdocs\electric_company_dejesus\system\Boot.php(325): CodeIgniter\CodeIgniter->run()
#12 C:\xampp\htdocs\electric_company_dejesus\system\Boot.php(67): CodeIgniter\Boot::runCodeIgniter(Object(CodeIgniter\CodeIgniter))
#13 C:\xampp\htdocs\electric_company_dejesus\index.php(56): CodeIgniter\Boot::bootWeb(Object(Config\Paths))
#14 {main}

Next CodeIgniter\Database\Exceptions\DatabaseException: Unknown database 'electric_company' in C:\xampp\htdocs\electric_company_dejesus\system\Database\MySQLi\Connection.php:231
Stack trace:
#0 C:\xampp\htdocs\electric_company_dejesus\system\Database\BaseConnection.php(421): CodeIgniter\Database\MySQLi\Connection->connect(false)
#1 C:\xampp\htdocs\electric_company_dejesus\system\Database\BaseConnection.php(616): CodeIgniter\Database\BaseConnection->initialize()
#2 C:\xampp\htdocs\electric_company_dejesus\system\Database\BaseBuilder.php(1644): CodeIgniter\Database\BaseConnection->query('SELECT *\nFROM `...', Array, false)
#3 C:\xampp\htdocs\electric_company_dejesus\system\Model.php(330): CodeIgniter\Database\BaseBuilder->get()
#4 C:\xampp\htdocs\electric_company_dejesus\system\BaseModel.php(714): CodeIgniter\Model->doFirst()
#5 C:\xampp\htdocs\electric_company_dejesus\app\Models\User.php(87): CodeIgniter\BaseModel->first()
#6 C:\xampp\htdocs\electric_company_dejesus\app\Controllers\Auth.php(31): App\Models\User->findByEmail('ajdejesus@fit.e...')
#7 C:\xampp\htdocs\electric_company_dejesus\system\CodeIgniter.php(933): App\Controllers\Auth->login()
#8 C:\xampp\htdocs\electric_company_dejesus\system\CodeIgniter.php(509): CodeIgniter\CodeIgniter->runController(Object(App\Controllers\Auth))
#9 C:\xampp\htdocs\electric_company_dejesus\system\CodeIgniter.php(355): CodeIgniter\CodeIgniter->handleRequest(NULL, Object(Config\Cache), false)
#10 C:\xampp\htdocs\electric_company_dejesus\system\Boot.php(325): CodeIgniter\CodeIgniter->run()
#11 C:\xampp\htdocs\electric_company_dejesus\system\Boot.php(67): CodeIgniter\Boot::runCodeIgniter(Object(CodeIgniter\CodeIgniter))
#12 C:\xampp\htdocs\electric_company_dejesus\index.php(56): CodeIgniter\Boot::bootWeb(Object(Config\Paths))
#13 {main}
CRITICAL - 2026-10-07 05:20:44 --> CodeIgniter\Database\Exceptions\DatabaseException: Unable to connect to the database.
Main connection [MySQLi]: Unknown database 'electric_company'
[Method: POST, Route: login]
in SYSTEMPATH\Database\BaseConnection.php on line 467.
 1 SYSTEMPATH\Database\BaseConnection.php(616): CodeIgniter\Database\BaseConnection->initialize()
 2 SYSTEMPATH\Database\BaseBuilder.php(1644): CodeIgniter\Database\BaseConnection->query('SELECT *
FROM `user_accounts`
WHERE `email` = :email:
 LIMIT 1', [...], false)
 3 SYSTEMPATH\Model.php(330): CodeIgniter\Database\BaseBuilder->get()
 4 SYSTEMPATH\BaseModel.php(714): CodeIgniter\Model->doFirst()
 5 APPPATH\Models\User.php(87): CodeIgniter\BaseModel->first()
 6 APPPATH\Controllers\Auth.php(31): App\Models\User->findByEmail('ajdejesus@fit.edu.ph')
 7 SYSTEMPATH\CodeIgniter.php(933): App\Controllers\Auth->login()
 8 SYSTEMPATH\CodeIgniter.php(509): CodeIgniter\CodeIgniter->runController(Object(App\Controllers\Auth))
 9 SYSTEMPATH\CodeIgniter.php(355): CodeIgniter\CodeIgniter->handleRequest(null, Object(Config\Cache), false)
10 SYSTEMPATH\Boot.php(325): CodeIgniter\CodeIgniter->run()
11 SYSTEMPATH\Boot.php(67): CodeIgniter\Boot::runCodeIgniter(Object(CodeIgniter\CodeIgniter))
12 FCPATH\index.php(56): CodeIgniter\Boot::bootWeb(Object(Config\Paths))
ERROR - 2026-10-07 05:20:49 --> Error connecting to the database: mysqli_sql_exception: Unknown database 'electric_company' in C:\xampp\htdocs\electric_company_dejesus\system\Database\MySQLi\Connection.php:186
Stack trace:
#0 C:\xampp\htdocs\electric_company_dejesus\system\Database\MySQLi\Connection.php(186): mysqli->real_connect('localhost', 'root', Object(SensitiveParameterValue), 'electric_compan...', 3306, '', 0)
#1 C:\xampp\htdocs\electric_company_dejesus\system\Database\BaseConnection.php(421): CodeIgniter\Database\MySQLi\Connection->connect(false)
#2 C:\xampp\htdocs\electric_company_dejesus\system\Database\BaseConnection.php(616): CodeIgniter\Database\BaseConnection->initialize()
#3 C:\xampp\htdocs\electric_company_dejesus\system\Database\BaseBuilder.php(1644): CodeIgniter\Database\BaseConnection->query('SELECT *\nFROM `...', Array, false)
#4 C:\xampp\htdocs\electric_company_dejesus\system\Model.php(330): CodeIgniter\Database\BaseBuilder->get()
#5 C:\xampp\htdocs\electric_company_dejesus\system\BaseModel.php(714): CodeIgniter\Model->doFirst()
#6 C:\xampp\htdocs\electric_company_dejesus\app\Models\User.php(87): CodeIgniter\BaseModel->first()
#7 C:\xampp\htdocs\electric_company_dejesus\app\Controllers\Auth.php(31): App\Models\User->findByEmail('ajdejesus@fit.e...')
#8 C:\xampp\htdocs\electric_company_dejesus\system\CodeIgniter.php(933): App\Controllers\Auth->login()
#9 C:\xampp\htdocs\electric_company_dejesus\system\CodeIgniter.php(509): CodeIgniter\CodeIgniter->runController(Object(App\Controllers\Auth))
#10 C:\xampp\htdocs\electric_company_dejesus\system\CodeIgniter.php(355): CodeIgniter\CodeIgniter->handleRequest(NULL, Object(Config\Cache), false)
#11 C:\xampp\htdocs\electric_company_dejesus\system\Boot.php(325): CodeIgniter\CodeIgniter->run()
#12 C:\xampp\htdocs\electric_company_dejesus\system\Boot.php(67): CodeIgniter\Boot::runCodeIgniter(Object(CodeIgniter\CodeIgniter))
#13 C:\xampp\htdocs\electric_company_dejesus\index.php(56): CodeIgniter\Boot::bootWeb(Object(Config\Paths))
#14 {main}

Next CodeIgniter\Database\Exceptions\DatabaseException: Unknown database 'electric_company' in C:\xampp\htdocs\electric_company_dejesus\system\Database\MySQLi\Connection.php:231
Stack trace:
#0 C:\xampp\htdocs\electric_company_dejesus\system\Database\BaseConnection.php(421): CodeIgniter\Database\MySQLi\Connection->connect(false)
#1 C:\xampp\htdocs\electric_company_dejesus\system\Database\BaseConnection.php(616): CodeIgniter\Database\BaseConnection->initialize()
#2 C:\xampp\htdocs\electric_company_dejesus\system\Database\BaseBuilder.php(1644): CodeIgniter\Database\BaseConnection->query('SELECT *\nFROM `...', Array, false)
#3 C:\xampp\htdocs\electric_company_dejesus\system\Model.php(330): CodeIgniter\Database\BaseBuilder->get()
#4 C:\xampp\htdocs\electric_company_dejesus\system\BaseModel.php(714): CodeIgniter\Model->doFirst()
#5 C:\xampp\htdocs\electric_company_dejesus\app\Models\User.php(87): CodeIgniter\BaseModel->first()
#6 C:\xampp\htdocs\electric_company_dejesus\app\Controllers\Auth.php(31): App\Models\User->findByEmail('ajdejesus@fit.e...')
#7 C:\xampp\htdocs\electric_company_dejesus\system\CodeIgniter.php(933): App\Controllers\Auth->login()
#8 C:\xampp\htdocs\electric_company_dejesus\system\CodeIgniter.php(509): CodeIgniter\CodeIgniter->runController(Object(App\Controllers\Auth))
#9 C:\xampp\htdocs\electric_company_dejesus\system\CodeIgniter.php(355): CodeIgniter\CodeIgniter->handleRequest(NULL, Object(Config\Cache), false)
#10 C:\xampp\htdocs\electric_company_dejesus\system\Boot.php(325): CodeIgniter\CodeIgniter->run()
#11 C:\xampp\htdocs\electric_company_dejesus\system\Boot.php(67): CodeIgniter\Boot::runCodeIgniter(Object(CodeIgniter\CodeIgniter))
#12 C:\xampp\htdocs\electric_company_dejesus\index.php(56): CodeIgniter\Boot::bootWeb(Object(Config\Paths))
#13 {main}
CRITICAL - 2026-10-07 05:20:49 --> CodeIgniter\Database\Exceptions\DatabaseException: Unable to connect to the database.
Main connection [MySQLi]: Unknown database 'electric_company'
[Method: POST, Route: login]
in SYSTEMPATH\Database\BaseConnection.php on line 467.
 1 SYSTEMPATH\Database\BaseConnection.php(616): CodeIgniter\Database\BaseConnection->initialize()
 2 SYSTEMPATH\Database\BaseBuilder.php(1644): CodeIgniter\Database\BaseConnection->query('SELECT *
FROM `user_accounts`
WHERE `email` = :email:
 LIMIT 1', [...], false)
 3 SYSTEMPATH\Model.php(330): CodeIgniter\Database\BaseBuilder->get()
 4 SYSTEMPATH\BaseModel.php(714): CodeIgniter\Model->doFirst()
 5 APPPATH\Models\User.php(87): CodeIgniter\BaseModel->first()
 6 APPPATH\Controllers\Auth.php(31): App\Models\User->findByEmail('ajdejesus@fit.edu.ph')
 7 SYSTEMPATH\CodeIgniter.php(933): App\Controllers\Auth->login()
 8 SYSTEMPATH\CodeIgniter.php(509): CodeIgniter\CodeIgniter->runController(Object(App\Controllers\Auth))
 9 SYSTEMPATH\CodeIgniter.php(355): CodeIgniter\CodeIgniter->handleRequest(null, Object(Config\Cache), false)
10 SYSTEMPATH\Boot.php(325): CodeIgniter\CodeIgniter->run()
11 SYSTEMPATH\Boot.php(67): CodeIgniter\Boot::runCodeIgniter(Object(CodeIgniter\CodeIgniter))
12 FCPATH\index.php(56): CodeIgniter\Boot::bootWeb(Object(Config\Paths))
ERROR - 2026-10-07 05:24:54 --> Error connecting to the database: mysqli_sql_exception: Unknown database 'electric_company' in C:\xampp\htdocs\electric_company_dejesus\system\Database\MySQLi\Connection.php:186
Stack trace:
#0 C:\xampp\htdocs\electric_company_dejesus\system\Database\MySQLi\Connection.php(186): mysqli->real_connect('localhost', 'root', Object(SensitiveParameterValue), 'electric_compan...', 3306, '', 0)
#1 C:\xampp\htdocs\electric_company_dejesus\system\Database\BaseConnection.php(421): CodeIgniter\Database\MySQLi\Connection->connect(false)
#2 C:\xampp\htdocs\electric_company_dejesus\system\Database\BaseConnection.php(616): CodeIgniter\Database\BaseConnection->initialize()
#3 C:\xampp\htdocs\electric_company_dejesus\system\Database\BaseBuilder.php(1644): CodeIgniter\Database\BaseConnection->query('SELECT 1\nFROM `...', Array, false)
#4 C:\xampp\htdocs\electric_company_dejesus\system\Validation\StrictRules\Rules.php(232): CodeIgniter\Database\BaseBuilder->get()
#5 C:\xampp\htdocs\electric_company_dejesus\system\Validation\Validation.php(339): CodeIgniter\Validation\StrictRules\Rules->is_unique('TinyPotpot@gmai...', 'email', Array, NULL, 'email')
#6 C:\xampp\htdocs\electric_company_dejesus\system\Validation\Validation.php(204): CodeIgniter\Validation\Validation->processRules('email', 'email', 'TinyPotpot@gmai...', Array, Array, 'email')
#7 C:\xampp\htdocs\electric_company_dejesus\app\Controllers\Register.php(47): CodeIgniter\Validation\Validation->run()
#8 C:\xampp\htdocs\electric_company_dejesus\system\CodeIgniter.php(933): App\Controllers\Register->create()
#9 C:\xampp\htdocs\electric_company_dejesus\system\CodeIgniter.php(509): CodeIgniter\CodeIgniter->runController(Object(App\Controllers\Register))
#10 C:\xampp\htdocs\electric_company_dejesus\system\CodeIgniter.php(355): CodeIgniter\CodeIgniter->handleRequest(NULL, Object(Config\Cache), false)
#11 C:\xampp\htdocs\electric_company_dejesus\system\Boot.php(325): CodeIgniter\CodeIgniter->run()
#12 C:\xampp\htdocs\electric_company_dejesus\system\Boot.php(67): CodeIgniter\Boot::runCodeIgniter(Object(CodeIgniter\CodeIgniter))
#13 C:\xampp\htdocs\electric_company_dejesus\index.php(56): CodeIgniter\Boot::bootWeb(Object(Config\Paths))
#14 {main}

Next CodeIgniter\Database\Exceptions\DatabaseException: Unknown database 'electric_company' in C:\xampp\htdocs\electric_company_dejesus\system\Database\MySQLi\Connection.php:231
Stack trace:
#0 C:\xampp\htdocs\electric_company_dejesus\system\Database\BaseConnection.php(421): CodeIgniter\Database\MySQLi\Connection->connect(false)
#1 C:\xampp\htdocs\electric_company_dejesus\system\Database\BaseConnection.php(616): CodeIgniter\Database\BaseConnection->initialize()
#2 C:\xampp\htdocs\electric_company_dejesus\system\Database\BaseBuilder.php(1644): CodeIgniter\Database\BaseConnection->query('SELECT 1\nFROM `...', Array, false)
#3 C:\xampp\htdocs\electric_company_dejesus\system\Validation\StrictRules\Rules.php(232): CodeIgniter\Database\BaseBuilder->get()
#4 C:\xampp\htdocs\electric_company_dejesus\system\Validation\Validation.php(339): CodeIgniter\Validation\StrictRules\Rules->is_unique('TinyPotpot@gmai...', 'email', Array, NULL, 'email')
#5 C:\xampp\htdocs\electric_company_dejesus\system\Validation\Validation.php(204): CodeIgniter\Validation\Validation->processRules('email', 'email', 'TinyPotpot@gmai...', Array, Array, 'email')
#6 C:\xampp\htdocs\electric_company_dejesus\app\Controllers\Register.php(47): CodeIgniter\Validation\Validation->run()
#7 C:\xampp\htdocs\electric_company_dejesus\system\CodeIgniter.php(933): App\Controllers\Register->create()
#8 C:\xampp\htdocs\electric_company_dejesus\system\CodeIgniter.php(509): CodeIgniter\CodeIgniter->runController(Object(App\Controllers\Register))
#9 C:\xampp\htdocs\electric_company_dejesus\system\CodeIgniter.php(355): CodeIgniter\CodeIgniter->handleRequest(NULL, Object(Config\Cache), false)
#10 C:\xampp\htdocs\electric_company_dejesus\system\Boot.php(325): CodeIgniter\CodeIgniter->run()
#11 C:\xampp\htdocs\electric_company_dejesus\system\Boot.php(67): CodeIgniter\Boot::runCodeIgniter(Object(CodeIgniter\CodeIgniter))
#12 C:\xampp\htdocs\electric_company_dejesus\index.php(56): CodeIgniter\Boot::bootWeb(Object(Config\Paths))
#13 {main}
CRITICAL - 2026-10-07 05:24:54 --> CodeIgniter\Database\Exceptions\DatabaseException: Unable to connect to the database.
Main connection [MySQLi]: Unknown database 'electric_company'
[Method: POST, Route: register]
in SYSTEMPATH\Database\BaseConnection.php on line 467.
 1 SYSTEMPATH\Database\BaseConnection.php(616): CodeIgniter\Database\BaseConnection->initialize()
 2 SYSTEMPATH\Database\BaseBuilder.php(1644): CodeIgniter\Database\BaseConnection->query('SELECT 1
FROM `user_accounts`
WHERE `email` = :email:
 LIMIT 1', [...], false)
 3 SYSTEMPATH\Validation\StrictRules\Rules.php(232): CodeIgniter\Database\BaseBuilder->get()
 4 SYSTEMPATH\Validation\Validation.php(339): CodeIgniter\Validation\StrictRules\Rules->is_unique('TinyPotpot@gmail.com', 'email', [...], null, 'email')
 5 SYSTEMPATH\Validation\Validation.php(204): CodeIgniter\Validation\Validation->processRules('email', 'email', 'TinyPotpot@gmail.com', [...], [...], 'email')
 6 APPPATH\Controllers\Register.php(47): CodeIgniter\Validation\Validation->run()
 7 SYSTEMPATH\CodeIgniter.php(933): App\Controllers\Register->create()
 8 SYSTEMPATH\CodeIgniter.php(509): CodeIgniter\CodeIgniter->runController(Object(App\Controllers\Register))
 9 SYSTEMPATH\CodeIgniter.php(355): CodeIgniter\CodeIgniter->handleRequest(null, Object(Config\Cache), false)
10 SYSTEMPATH\Boot.php(325): CodeIgniter\CodeIgniter->run()
11 SYSTEMPATH\Boot.php(67): CodeIgniter\Boot::runCodeIgniter(Object(CodeIgniter\CodeIgniter))
12 FCPATH\index.php(56): CodeIgniter\Boot::bootWeb(Object(Config\Paths))
ERROR - 2026-10-07 05:29:05 --> Error connecting to the database: mysqli_sql_exception: Unknown database 'electric_company' in C:\xampp\htdocs\electric_company_dejesus\system\Database\MySQLi\Connection.php:186
Stack trace:
#0 C:\xampp\htdocs\electric_company_dejesus\system\Database\MySQLi\Connection.php(186): mysqli->real_connect('localhost', 'root', Object(SensitiveParameterValue), 'electric_compan...', 3306, '', 0)
#1 C:\xampp\htdocs\electric_company_dejesus\system\Database\BaseConnection.php(421): CodeIgniter\Database\MySQLi\Connection->connect(false)
#2 C:\xampp\htdocs\electric_company_dejesus\system\Database\BaseConnection.php(616): CodeIgniter\Database\BaseConnection->initialize()
#3 C:\xampp\htdocs\electric_company_dejesus\system\Database\BaseBuilder.php(1644): CodeIgniter\Database\BaseConnection->query('SELECT 1\nFROM `...', Array, false)
#4 C:\xampp\htdocs\electric_company_dejesus\system\Validation\StrictRules\Rules.php(232): CodeIgniter\Database\BaseBuilder->get()
#5 C:\xampp\htdocs\electric_company_dejesus\system\Validation\Validation.php(339): CodeIgniter\Validation\StrictRules\Rules->is_unique('TinyPotpot@gmai...', 'email', Array, NULL, 'email')
#6 C:\xampp\htdocs\electric_company_dejesus\system\Validation\Validation.php(204): CodeIgniter\Validation\Validation->processRules('email', 'email', 'TinyPotpot@gmai...', Array, Array, 'email')
#7 C:\xampp\htdocs\electric_company_dejesus\app\Controllers\Register.php(47): CodeIgniter\Validation\Validation->run()
#8 C:\xampp\htdocs\electric_company_dejesus\system\CodeIgniter.php(933): App\Controllers\Register->create()
#9 C:\xampp\htdocs\electric_company_dejesus\system\CodeIgniter.php(509): CodeIgniter\CodeIgniter->runController(Object(App\Controllers\Register))
#10 C:\xampp\htdocs\electric_company_dejesus\system\CodeIgniter.php(355): CodeIgniter\CodeIgniter->handleRequest(NULL, Object(Config\Cache), false)
#11 C:\xampp\htdocs\electric_company_dejesus\system\Boot.php(325): CodeIgniter\CodeIgniter->run()
#12 C:\xampp\htdocs\electric_company_dejesus\system\Boot.php(67): CodeIgniter\Boot::runCodeIgniter(Object(CodeIgniter\CodeIgniter))
#13 C:\xampp\htdocs\electric_company_dejesus\index.php(56): CodeIgniter\Boot::bootWeb(Object(Config\Paths))
#14 {main}

Next CodeIgniter\Database\Exceptions\DatabaseException: Unknown database 'electric_company' in C:\xampp\htdocs\electric_company_dejesus\system\Database\MySQLi\Connection.php:231
Stack trace:
#0 C:\xampp\htdocs\electric_company_dejesus\system\Database\BaseConnection.php(421): CodeIgniter\Database\MySQLi\Connection->connect(false)
#1 C:\xampp\htdocs\electric_company_dejesus\system\Database\BaseConnection.php(616): CodeIgniter\Database\BaseConnection->initialize()
#2 C:\xampp\htdocs\electric_company_dejesus\system\Database\BaseBuilder.php(1644): CodeIgniter\Database\BaseConnection->query('SELECT 1\nFROM `...', Array, false)
#3 C:\xampp\htdocs\electric_company_dejesus\system\Validation\StrictRules\Rules.php(232): CodeIgniter\Database\BaseBuilder->get()
#4 C:\xampp\htdocs\electric_company_dejesus\system\Validation\Validation.php(339): CodeIgniter\Validation\StrictRules\Rules->is_unique('TinyPotpot@gmai...', 'email', Array, NULL, 'email')
#5 C:\xampp\htdocs\electric_company_dejesus\system\Validation\Validation.php(204): CodeIgniter\Validation\Validation->processRules('email', 'email', 'TinyPotpot@gmai...', Array, Array, 'email')
#6 C:\xampp\htdocs\electric_company_dejesus\app\Controllers\Register.php(47): CodeIgniter\Validation\Validation->run()
#7 C:\xampp\htdocs\electric_company_dejesus\system\CodeIgniter.php(933): App\Controllers\Register->create()
#8 C:\xampp\htdocs\electric_company_dejesus\system\CodeIgniter.php(509): CodeIgniter\CodeIgniter->runController(Object(App\Controllers\Register))
#9 C:\xampp\htdocs\electric_company_dejesus\system\CodeIgniter.php(355): CodeIgniter\CodeIgniter->handleRequest(NULL, Object(Config\Cache), false)
#10 C:\xampp\htdocs\electric_company_dejesus\system\Boot.php(325): CodeIgniter\CodeIgniter->run()
#11 C:\xampp\htdocs\electric_company_dejesus\system\Boot.php(67): CodeIgniter\Boot::runCodeIgniter(Object(CodeIgniter\CodeIgniter))
#12 C:\xampp\htdocs\electric_company_dejesus\index.php(56): CodeIgniter\Boot::bootWeb(Object(Config\Paths))
#13 {main}
CRITICAL - 2026-10-07 05:29:05 --> CodeIgniter\Database\Exceptions\DatabaseException: Unable to connect to the database.
Main connection [MySQLi]: Unknown database 'electric_company'
[Method: POST, Route: register]
in SYSTEMPATH\Database\BaseConnection.php on line 467.
 1 SYSTEMPATH\Database\BaseConnection.php(616): CodeIgniter\Database\BaseConnection->initialize()
 2 SYSTEMPATH\Database\BaseBuilder.php(1644): CodeIgniter\Database\BaseConnection->query('SELECT 1
FROM `user_accounts`
WHERE `email` = :email:
 LIMIT 1', [...], false)
 3 SYSTEMPATH\Validation\StrictRules\Rules.php(232): CodeIgniter\Database\BaseBuilder->get()
 4 SYSTEMPATH\Validation\Validation.php(339): CodeIgniter\Validation\StrictRules\Rules->is_unique('TinyPotpot@gmail.com', 'email', [...], null, 'email')
 5 SYSTEMPATH\Validation\Validation.php(204): CodeIgniter\Validation\Validation->processRules('email', 'email', 'TinyPotpot@gmail.com', [...], [...], 'email')
 6 APPPATH\Controllers\Register.php(47): CodeIgniter\Validation\Validation->run()
 7 SYSTEMPATH\CodeIgniter.php(933): App\Controllers\Register->create()
 8 SYSTEMPATH\CodeIgniter.php(509): CodeIgniter\CodeIgniter->runController(Object(App\Controllers\Register))
 9 SYSTEMPATH\CodeIgniter.php(355): CodeIgniter\CodeIgniter->handleRequest(null, Object(Config\Cache), false)
10 SYSTEMPATH\Boot.php(325): CodeIgniter\CodeIgniter->run()
11 SYSTEMPATH\Boot.php(67): CodeIgniter\Boot::runCodeIgniter(Object(CodeIgniter\CodeIgniter))
12 FCPATH\index.php(56): CodeIgniter\Boot::bootWeb(Object(Config\Paths))
WARNING - 2026-10-07 07:41:14 --> [DEPRECATED] Passing lowercase HTTP method "get" is deprecated. Use uppercase HTTP method like "GET". in SYSTEMPATH\Router\RouteCollection.php on line 1027.
 1 SYSTEMPATH\Router\RouteCollection.php(1027): trigger_error('Passing lowercase HTTP method "get" is deprecated. Use uppercase HTTP method like "GET".', 16384)
 2 APPPATH\Config\Routes.php(12): CodeIgniter\Router\RouteCollection->match([...], 'contact', 'Contact::index')
 3 SYSTEMPATH\Router\RouteCollection.php(340): require('C:\\xampp\\htdocs\\electric_company_dejesus\\app\\Config\\Routes.php')
 4 SYSTEMPATH\Test\bootstrap.php(91): CodeIgniter\Router\RouteCollection->loadRoutes()
 5 VENDORPATH\phpunit\phpunit\src\TextUI\Application.php(352): include_once('C:\\xampp\\htdocs\\electric_company_dejesus\\system\\Test\\bootstrap.php')
 6 VENDORPATH\phpunit\phpunit\src\TextUI\Application.php(122): PHPUnit\TextUI\Application->loadBootstrapScript('C:\\xampp\\htdocs\\electric_company_dejesus\\system/Test/bootstrap.php')
 7 VENDORPATH\phpunit\phpunit\phpunit(104): PHPUnit\TextUI\Application->run([...])
 8 VENDORPATH\bin\phpunit(122): include('C:\\xampp\\htdocs\\electric_company_dejesus\\vendor\\phpunit\\phpunit\\phpunit')
WARNING - 2026-10-07 07:41:14 --> [DEPRECATED] Passing lowercase HTTP method "post" is deprecated. Use uppercase HTTP method like "POST". in SYSTEMPATH\Router\RouteCollection.php on line 1027.
 1 SYSTEMPATH\Router\RouteCollection.php(1027): trigger_error('Passing lowercase HTTP method "post" is deprecated. Use uppercase HTTP method like "POST".', 16384)
 2 APPPATH\Config\Routes.php(12): CodeIgniter\Router\RouteCollection->match([...], 'contact', 'Contact::index')
 3 SYSTEMPATH\Router\RouteCollection.php(340): require('C:\\xampp\\htdocs\\electric_company_dejesus\\app\\Config\\Routes.php')
 4 SYSTEMPATH\Test\bootstrap.php(91): CodeIgniter\Router\RouteCollection->loadRoutes()
 5 VENDORPATH\phpunit\phpunit\src\TextUI\Application.php(352): include_once('C:\\xampp\\htdocs\\electric_company_dejesus\\system\\Test\\bootstrap.php')
 6 VENDORPATH\phpunit\phpunit\src\TextUI\Application.php(122): PHPUnit\TextUI\Application->loadBootstrapScript('C:\\xampp\\htdocs\\electric_company_dejesus\\system/Test/bootstrap.php')
 7 VENDORPATH\phpunit\phpunit\phpunit(104): PHPUnit\TextUI\Application->run([...])
 8 VENDORPATH\bin\phpunit(122): include('C:\\xampp\\htdocs\\electric_company_dejesus\\vendor\\phpunit\\phpunit\\phpunit')
WARNING - 2026-10-07 07:42:01 --> [DEPRECATED] Passing lowercase HTTP method "get" is deprecated. Use uppercase HTTP method like "GET". in SYSTEMPATH\Router\RouteCollection.php on line 1027.
 1 SYSTEMPATH\Router\RouteCollection.php(1027): trigger_error('Passing lowercase HTTP method "get" is deprecated. Use uppercase HTTP method like "GET".', 16384)
 2 APPPATH\Config\Routes.php(12): CodeIgniter\Router\RouteCollection->match([...], 'contact', 'Contact::index')
 3 SYSTEMPATH\Router\RouteCollection.php(340): require('C:\\xampp\\htdocs\\electric_company_dejesus\\app\\Config\\Routes.php')
 4 SYSTEMPATH\Test\bootstrap.php(91): CodeIgniter\Router\RouteCollection->loadRoutes()
 5 VENDORPATH\phpunit\phpunit\src\TextUI\Application.php(352): include_once('C:\\xampp\\htdocs\\electric_company_dejesus\\system\\Test\\bootstrap.php')
 6 VENDORPATH\phpunit\phpunit\src\TextUI\Application.php(122): PHPUnit\TextUI\Application->loadBootstrapScript('C:\\xampp\\htdocs\\electric_company_dejesus\\system/Test/bootstrap.php')
 7 VENDORPATH\phpunit\phpunit\phpunit(104): PHPUnit\TextUI\Application->run([...])
 8 VENDORPATH\bin\phpunit(122): include('C:\\xampp\\htdocs\\electric_company_dejesus\\vendor\\phpunit\\phpunit\\phpunit')
WARNING - 2026-10-07 07:42:01 --> [DEPRECATED] Passing lowercase HTTP method "post" is deprecated. Use uppercase HTTP method like "POST". in SYSTEMPATH\Router\RouteCollection.php on line 1027.
 1 SYSTEMPATH\Router\RouteCollection.php(1027): trigger_error('Passing lowercase HTTP method "post" is deprecated. Use uppercase HTTP method like "POST".', 16384)
 2 APPPATH\Config\Routes.php(12): CodeIgniter\Router\RouteCollection->match([...], 'contact', 'Contact::index')
 3 SYSTEMPATH\Router\RouteCollection.php(340): require('C:\\xampp\\htdocs\\electric_company_dejesus\\app\\Config\\Routes.php')
 4 SYSTEMPATH\Test\bootstrap.php(91): CodeIgniter\Router\RouteCollection->loadRoutes()
 5 VENDORPATH\phpunit\phpunit\src\TextUI\Application.php(352): include_once('C:\\xampp\\htdocs\\electric_company_dejesus\\system\\Test\\bootstrap.php')
 6 VENDORPATH\phpunit\phpunit\src\TextUI\Application.php(122): PHPUnit\TextUI\Application->loadBootstrapScript('C:\\xampp\\htdocs\\electric_company_dejesus\\system/Test/bootstrap.php')
 7 VENDORPATH\phpunit\phpunit\phpunit(104): PHPUnit\TextUI\Application->run([...])
 8 VENDORPATH\bin\phpunit(122): include('C:\\xampp\\htdocs\\electric_company_dejesus\\vendor\\phpunit\\phpunit\\phpunit')
CRITICAL - 2026-10-07 06:01:13 --> ErrorException: session_start(): Failed to decode session object. Session has been destroyed
[Method: GET, Route: accounts/new]
in SYSTEMPATH\Session\Session.php on line 920.
 1 [internal function]: CodeIgniter\Debug\Exceptions->errorHandler(2, 'session_start(): Failed to decode session object. Session has been destroyed', 'C:\\xampp\\htdocs\\electric_company_dejesus\\system\\Session\\Session.php', 920)
 2 SYSTEMPATH\Session\Session.php(920): session_start()
 3 SYSTEMPATH\Session\Session.php(242): CodeIgniter\Session\Session->startSession()
 4 SYSTEMPATH\Config\Services.php(710): CodeIgniter\Session\Session->start()
 5 SYSTEMPATH\Config\BaseService.php(312): CodeIgniter\Config\Services::session(Object(Config\Session), false)
 6 SYSTEMPATH\Config\BaseService.php(251): CodeIgniter\Config\BaseService::__callStatic('session', [...])
 7 SYSTEMPATH\Config\Services.php(668): CodeIgniter\Config\BaseService::getSharedInstance('session', null)
 8 SYSTEMPATH\Config\BaseService.php(321): CodeIgniter\Config\Services::session()
 9 SYSTEMPATH\Config\BaseService.php(202): CodeIgniter\Config\BaseService::__callStatic('session', [])
10 SYSTEMPATH\Common.php(998): CodeIgniter\Config\BaseService::get('session')
11 SYSTEMPATH\Common.php(971): service('session')
12 APPPATH\Controllers\Accounts.php(69): session()
13 SYSTEMPATH\CodeIgniter.php(933): App\Controllers\Accounts->newAccount()
14 SYSTEMPATH\CodeIgniter.php(509): CodeIgniter\CodeIgniter->runController(Object(App\Controllers\Accounts))
15 SYSTEMPATH\CodeIgniter.php(355): CodeIgniter\CodeIgniter->handleRequest(null, Object(Config\Cache), false)
16 SYSTEMPATH\Boot.php(325): CodeIgniter\CodeIgniter->run()
17 SYSTEMPATH\Boot.php(67): CodeIgniter\Boot::runCodeIgniter(Object(CodeIgniter\CodeIgniter))
18 FCPATH\index.php(56): CodeIgniter\Boot::bootWeb(Object(Config\Paths))
WARNING - 2026-10-07 08:02:03 --> [DEPRECATED] Passing lowercase HTTP method "get" is deprecated. Use uppercase HTTP method like "GET". in SYSTEMPATH\Router\RouteCollection.php on line 1027.
 1 SYSTEMPATH\Router\RouteCollection.php(1027): trigger_error('Passing lowercase HTTP method "get" is deprecated. Use uppercase HTTP method like "GET".', 16384)
 2 APPPATH\Config\Routes.php(12): CodeIgniter\Router\RouteCollection->match([...], 'contact', 'Contact::index')
 3 SYSTEMPATH\Router\RouteCollection.php(340): require('C:\\xampp\\htdocs\\electric_company_dejesus\\app\\Config\\Routes.php')
 4 SYSTEMPATH\Test\bootstrap.php(91): CodeIgniter\Router\RouteCollection->loadRoutes()
 5 VENDORPATH\phpunit\phpunit\src\TextUI\Application.php(352): include_once('C:\\xampp\\htdocs\\electric_company_dejesus\\system\\Test\\bootstrap.php')
 6 VENDORPATH\phpunit\phpunit\src\TextUI\Application.php(122): PHPUnit\TextUI\Application->loadBootstrapScript('C:\\xampp\\htdocs\\electric_company_dejesus\\system/Test/bootstrap.php')
 7 VENDORPATH\phpunit\phpunit\phpunit(104): PHPUnit\TextUI\Application->run([...])
 8 VENDORPATH\bin\phpunit(122): include('C:\\xampp\\htdocs\\electric_company_dejesus\\vendor\\phpunit\\phpunit\\phpunit')
WARNING - 2026-10-07 08:02:03 --> [DEPRECATED] Passing lowercase HTTP method "post" is deprecated. Use uppercase HTTP method like "POST". in SYSTEMPATH\Router\RouteCollection.php on line 1027.
 1 SYSTEMPATH\Router\RouteCollection.php(1027): trigger_error('Passing lowercase HTTP method "post" is deprecated. Use uppercase HTTP method like "POST".', 16384)
 2 APPPATH\Config\Routes.php(12): CodeIgniter\Router\RouteCollection->match([...], 'contact', 'Contact::index')
 3 SYSTEMPATH\Router\RouteCollection.php(340): require('C:\\xampp\\htdocs\\electric_company_dejesus\\app\\Config\\Routes.php')
 4 SYSTEMPATH\Test\bootstrap.php(91): CodeIgniter\Router\RouteCollection->loadRoutes()
 5 VENDORPATH\phpunit\phpunit\src\TextUI\Application.php(352): include_once('C:\\xampp\\htdocs\\electric_company_dejesus\\system\\Test\\bootstrap.php')
 6 VENDORPATH\phpunit\phpunit\src\TextUI\Application.php(122): PHPUnit\TextUI\Application->loadBootstrapScript('C:\\xampp\\htdocs\\electric_company_dejesus\\system/Test/bootstrap.php')
 7 VENDORPATH\phpunit\phpunit\phpunit(104): PHPUnit\TextUI\Application->run([...])
 8 VENDORPATH\bin\phpunit(122): include('C:\\xampp\\htdocs\\electric_company_dejesus\\vendor\\phpunit\\phpunit\\phpunit')
WARNING - 2026-10-07 08:38:47 --> [DEPRECATED] Passing lowercase HTTP method "get" is deprecated. Use uppercase HTTP method like "GET". in SYSTEMPATH\Router\RouteCollection.php on line 1026.
 1 SYSTEMPATH\Router\RouteCollection.php(1026): trigger_error('Passing lowercase HTTP method "get" is deprecated. Use uppercase HTTP method like "GET".', 16384)
 2 APPPATH\Config\Routes.php(12): CodeIgniter\Router\RouteCollection->match([...], 'contact', 'Contact::index')
 3 SYSTEMPATH\Router\RouteCollection.php(339): require('C:\\xampp\\htdocs\\electric_company_dejesus\\app\\Config\\Routes.php')
 4 SYSTEMPATH\Test\bootstrap.php(90): CodeIgniter\Router\RouteCollection->loadRoutes()
 5 VENDORPATH\phpunit\phpunit\src\TextUI\Application.php(352): include_once('C:\\xampp\\htdocs\\electric_company_dejesus\\system\\Test\\bootstrap.php')
 6 VENDORPATH\phpunit\phpunit\src\TextUI\Application.php(122): PHPUnit\TextUI\Application->loadBootstrapScript('C:\\xampp\\htdocs\\electric_company_dejesus\\system/Test/bootstrap.php')
 7 VENDORPATH\phpunit\phpunit\phpunit(104): PHPUnit\TextUI\Application->run([...])
 8 VENDORPATH\bin\phpunit(122): include('C:\\xampp\\htdocs\\electric_company_dejesus\\vendor\\phpunit\\phpunit\\phpunit')
WARNING - 2026-10-07 08:38:47 --> [DEPRECATED] Passing lowercase HTTP method "post" is deprecated. Use uppercase HTTP method like "POST". in SYSTEMPATH\Router\RouteCollection.php on line 1026.
 1 SYSTEMPATH\Router\RouteCollection.php(1026): trigger_error('Passing lowercase HTTP method "post" is deprecated. Use uppercase HTTP method like "POST".', 16384)
 2 APPPATH\Config\Routes.php(12): CodeIgniter\Router\RouteCollection->match([...], 'contact', 'Contact::index')
 3 SYSTEMPATH\Router\RouteCollection.php(339): require('C:\\xampp\\htdocs\\electric_company_dejesus\\app\\Config\\Routes.php')
 4 SYSTEMPATH\Test\bootstrap.php(90): CodeIgniter\Router\RouteCollection->loadRoutes()
 5 VENDORPATH\phpunit\phpunit\src\TextUI\Application.php(352): include_once('C:\\xampp\\htdocs\\electric_company_dejesus\\system\\Test\\bootstrap.php')
 6 VENDORPATH\phpunit\phpunit\src\TextUI\Application.php(122): PHPUnit\TextUI\Application->loadBootstrapScript('C:\\xampp\\htdocs\\electric_company_dejesus\\system/Test/bootstrap.php')
 7 VENDORPATH\phpunit\phpunit\phpunit(104): PHPUnit\TextUI\Application->run([...])
 8 VENDORPATH\bin\phpunit(122): include('C:\\xampp\\htdocs\\electric_company_dejesus\\vendor\\phpunit\\phpunit\\phpunit')
WARNING - 2026-10-07 08:39:26 --> [DEPRECATED] Passing lowercase HTTP method "get" is deprecated. Use uppercase HTTP method like "GET". in SYSTEMPATH\Router\RouteCollection.php on line 1026.
 1 SYSTEMPATH\Router\RouteCollection.php(1026): trigger_error('Passing lowercase HTTP method "get" is deprecated. Use uppercase HTTP method like "GET".', 16384)
 2 APPPATH\Config\Routes.php(12): CodeIgniter\Router\RouteCollection->match([...], 'contact', 'Contact::index')
 3 SYSTEMPATH\Router\RouteCollection.php(339): require('C:\\xampp\\htdocs\\electric_company_dejesus\\app\\Config\\Routes.php')
 4 SYSTEMPATH\Test\bootstrap.php(90): CodeIgniter\Router\RouteCollection->loadRoutes()
 5 VENDORPATH\phpunit\phpunit\src\TextUI\Application.php(352): include_once('C:\\xampp\\htdocs\\electric_company_dejesus\\system\\Test\\bootstrap.php')
 6 VENDORPATH\phpunit\phpunit\src\TextUI\Application.php(122): PHPUnit\TextUI\Application->loadBootstrapScript('C:\\xampp\\htdocs\\electric_company_dejesus\\system/Test/bootstrap.php')
 7 VENDORPATH\phpunit\phpunit\phpunit(104): PHPUnit\TextUI\Application->run([...])
 8 VENDORPATH\bin\phpunit(122): include('C:\\xampp\\htdocs\\electric_company_dejesus\\vendor\\phpunit\\phpunit\\phpunit')
WARNING - 2026-10-07 08:39:26 --> [DEPRECATED] Passing lowercase HTTP method "post" is deprecated. Use uppercase HTTP method like "POST". in SYSTEMPATH\Router\RouteCollection.php on line 1026.
 1 SYSTEMPATH\Router\RouteCollection.php(1026): trigger_error('Passing lowercase HTTP method "post" is deprecated. Use uppercase HTTP method like "POST".', 16384)
 2 APPPATH\Config\Routes.php(12): CodeIgniter\Router\RouteCollection->match([...], 'contact', 'Contact::index')
 3 SYSTEMPATH\Router\RouteCollection.php(339): require('C:\\xampp\\htdocs\\electric_company_dejesus\\app\\Config\\Routes.php')
 4 SYSTEMPATH\Test\bootstrap.php(90): CodeIgniter\Router\RouteCollection->loadRoutes()
 5 VENDORPATH\phpunit\phpunit\src\TextUI\Application.php(352): include_once('C:\\xampp\\htdocs\\electric_company_dejesus\\system\\Test\\bootstrap.php')
 6 VENDORPATH\phpunit\phpunit\src\TextUI\Application.php(122): PHPUnit\TextUI\Application->loadBootstrapScript('C:\\xampp\\htdocs\\electric_company_dejesus\\system/Test/bootstrap.php')
 7 VENDORPATH\phpunit\phpunit\phpunit(104): PHPUnit\TextUI\Application->run([...])
 8 VENDORPATH\bin\phpunit(122): include('C:\\xampp\\htdocs\\electric_company_dejesus\\vendor\\phpunit\\phpunit\\phpunit')
CRITICAL - 2026-10-07 06:43:29 --> ErrorException: session_start(): Failed to decode session object. Session has been destroyed
[Method: GET, Route: accounts]
in SYSTEMPATH\Session\Session.php on line 912.
 1 [internal function]: CodeIgniter\Debug\Exceptions->errorHandler(2, 'session_start(): Failed to decode session object. Session has been destroyed', 'C:\\xampp\\htdocs\\electric_company_dejesus\\system\\Session\\Session.php', 912)
 2 SYSTEMPATH\Session\Session.php(912): session_start()
 3 SYSTEMPATH\Session\Session.php(243): CodeIgniter\Session\Session->startSession()
 4 SYSTEMPATH\Config\Services.php(715): CodeIgniter\Session\Session->start()
 5 SYSTEMPATH\Config\BaseService.php(312): CodeIgniter\Config\Services::session(Object(Config\Session), false)
 6 SYSTEMPATH\Config\BaseService.php(251): CodeIgniter\Config\BaseService::__callStatic('session', [...])
 7 SYSTEMPATH\Config\Services.php(668): CodeIgniter\Config\BaseService::getSharedInstance('session', null)
 8 SYSTEMPATH\Config\BaseService.php(321): CodeIgniter\Config\Services::session()
 9 SYSTEMPATH\Config\BaseService.php(202): CodeIgniter\Config\BaseService::__callStatic('session', [])
10 SYSTEMPATH\Common.php(1027): CodeIgniter\Config\BaseService::get('session')
11 SYSTEMPATH\Common.php(1000): service('session')
12 APPPATH\Controllers\Accounts.php(18): session()
13 SYSTEMPATH\CodeIgniter.php(933): App\Controllers\Accounts->index()
14 SYSTEMPATH\CodeIgniter.php(507): CodeIgniter\CodeIgniter->runController(Object(App\Controllers\Accounts))
15 SYSTEMPATH\CodeIgniter.php(354): CodeIgniter\CodeIgniter->handleRequest(null, Object(Config\Cache), false)
16 SYSTEMPATH\Boot.php(363): CodeIgniter\CodeIgniter->run()
17 SYSTEMPATH\Boot.php(68): CodeIgniter\Boot::runCodeIgniter(Object(CodeIgniter\CodeIgniter))
18 FCPATH\index.php(56): CodeIgniter\Boot::bootWeb(Object(Config\Paths))
WARNING - 2026-10-07 08:45:10 --> [DEPRECATED] Passing lowercase HTTP method "get" is deprecated. Use uppercase HTTP method like "GET". in SYSTEMPATH\Router\RouteCollection.php on line 1026.
 1 SYSTEMPATH\Router\RouteCollection.php(1026): trigger_error('Passing lowercase HTTP method "get" is deprecated. Use uppercase HTTP method like "GET".', 16384)
 2 APPPATH\Config\Routes.php(12): CodeIgniter\Router\RouteCollection->match([...], 'contact', 'Contact::index')
 3 SYSTEMPATH\Router\RouteCollection.php(339): require('C:\\xampp\\htdocs\\electric_company_dejesus\\app\\Config\\Routes.php')
 4 SYSTEMPATH\Test\bootstrap.php(90): CodeIgniter\Router\RouteCollection->loadRoutes()
 5 VENDORPATH\phpunit\phpunit\src\TextUI\Application.php(352): include_once('C:\\xampp\\htdocs\\electric_company_dejesus\\system\\Test\\bootstrap.php')
 6 VENDORPATH\phpunit\phpunit\src\TextUI\Application.php(122): PHPUnit\TextUI\Application->loadBootstrapScript('C:\\xampp\\htdocs\\electric_company_dejesus\\system/Test/bootstrap.php')
 7 VENDORPATH\phpunit\phpunit\phpunit(104): PHPUnit\TextUI\Application->run([...])
 8 VENDORPATH\bin\phpunit(122): include('C:\\xampp\\htdocs\\electric_company_dejesus\\vendor\\phpunit\\phpunit\\phpunit')
WARNING - 2026-10-07 08:45:10 --> [DEPRECATED] Passing lowercase HTTP method "post" is deprecated. Use uppercase HTTP method like "POST". in SYSTEMPATH\Router\RouteCollection.php on line 1026.
 1 SYSTEMPATH\Router\RouteCollection.php(1026): trigger_error('Passing lowercase HTTP method "post" is deprecated. Use uppercase HTTP method like "POST".', 16384)
 2 APPPATH\Config\Routes.php(12): CodeIgniter\Router\RouteCollection->match([...], 'contact', 'Contact::index')
 3 SYSTEMPATH\Router\RouteCollection.php(339): require('C:\\xampp\\htdocs\\electric_company_dejesus\\app\\Config\\Routes.php')
 4 SYSTEMPATH\Test\bootstrap.php(90): CodeIgniter\Router\RouteCollection->loadRoutes()
 5 VENDORPATH\phpunit\phpunit\src\TextUI\Application.php(352): include_once('C:\\xampp\\htdocs\\electric_company_dejesus\\system\\Test\\bootstrap.php')
 6 VENDORPATH\phpunit\phpunit\src\TextUI\Application.php(122): PHPUnit\TextUI\Application->loadBootstrapScript('C:\\xampp\\htdocs\\electric_company_dejesus\\system/Test/bootstrap.php')
 7 VENDORPATH\phpunit\phpunit\phpunit(104): PHPUnit\TextUI\Application->run([...])
 8 VENDORPATH\bin\phpunit(122): include('C:\\xampp\\htdocs\\electric_company_dejesus\\vendor\\phpunit\\phpunit\\phpunit')
WARNING - 2026-10-07 08:45:40 --> [DEPRECATED] Passing lowercase HTTP method "get" is deprecated. Use uppercase HTTP method like "GET". in SYSTEMPATH\Router\RouteCollection.php on line 1026.
 1 SYSTEMPATH\Router\RouteCollection.php(1026): trigger_error('Passing lowercase HTTP method "get" is deprecated. Use uppercase HTTP method like "GET".', 16384)
 2 APPPATH\Config\Routes.php(12): CodeIgniter\Router\RouteCollection->match([...], 'contact', 'Contact::index')
 3 SYSTEMPATH\Router\RouteCollection.php(339): require('C:\\xampp\\htdocs\\electric_company_dejesus\\app\\Config\\Routes.php')
 4 SYSTEMPATH\Test\bootstrap.php(90): CodeIgniter\Router\RouteCollection->loadRoutes()
 5 VENDORPATH\phpunit\phpunit\src\TextUI\Application.php(352): include_once('C:\\xampp\\htdocs\\electric_company_dejesus\\system\\Test\\bootstrap.php')
 6 VENDORPATH\phpunit\phpunit\src\TextUI\Application.php(122): PHPUnit\TextUI\Application->loadBootstrapScript('C:\\xampp\\htdocs\\electric_company_dejesus\\system/Test/bootstrap.php')
 7 VENDORPATH\phpunit\phpunit\phpunit(104): PHPUnit\TextUI\Application->run([...])
 8 VENDORPATH\bin\phpunit(122): include('C:\\xampp\\htdocs\\electric_company_dejesus\\vendor\\phpunit\\phpunit\\phpunit')
WARNING - 2026-10-07 08:45:40 --> [DEPRECATED] Passing lowercase HTTP method "post" is deprecated. Use uppercase HTTP method like "POST". in SYSTEMPATH\Router\RouteCollection.php on line 1026.
 1 SYSTEMPATH\Router\RouteCollection.php(1026): trigger_error('Passing lowercase HTTP method "post" is deprecated. Use uppercase HTTP method like "POST".', 16384)
 2 APPPATH\Config\Routes.php(12): CodeIgniter\Router\RouteCollection->match([...], 'contact', 'Contact::index')
 3 SYSTEMPATH\Router\RouteCollection.php(339): require('C:\\xampp\\htdocs\\electric_company_dejesus\\app\\Config\\Routes.php')
 4 SYSTEMPATH\Test\bootstrap.php(90): CodeIgniter\Router\RouteCollection->loadRoutes()
 5 VENDORPATH\phpunit\phpunit\src\TextUI\Application.php(352): include_once('C:\\xampp\\htdocs\\electric_company_dejesus\\system\\Test\\bootstrap.php')
 6 VENDORPATH\phpunit\phpunit\src\TextUI\Application.php(122): PHPUnit\TextUI\Application->loadBootstrapScript('C:\\xampp\\htdocs\\electric_company_dejesus\\system/Test/bootstrap.php')
 7 VENDORPATH\phpunit\phpunit\phpunit(104): PHPUnit\TextUI\Application->run([...])
 8 VENDORPATH\bin\phpunit(122): include('C:\\xampp\\htdocs\\electric_company_dejesus\\vendor\\phpunit\\phpunit\\phpunit')
WARNING - 2026-10-07 08:49:17 --> [DEPRECATED] Passing lowercase HTTP method "get" is deprecated. Use uppercase HTTP method like "GET". in SYSTEMPATH\Router\RouteCollection.php on line 1026.
 1 SYSTEMPATH\Router\RouteCollection.php(1026): trigger_error('Passing lowercase HTTP method "get" is deprecated. Use uppercase HTTP method like "GET".', 16384)
 2 APPPATH\Config\Routes.php(12): CodeIgniter\Router\RouteCollection->match([...], 'contact', 'Contact::index')
 3 SYSTEMPATH\Router\RouteCollection.php(339): require('C:\\xampp\\htdocs\\electric_company_dejesus\\app\\Config\\Routes.php')
 4 SYSTEMPATH\Test\bootstrap.php(90): CodeIgniter\Router\RouteCollection->loadRoutes()
 5 VENDORPATH\phpunit\phpunit\src\TextUI\Application.php(352): include_once('C:\\xampp\\htdocs\\electric_company_dejesus\\system\\Test\\bootstrap.php')
 6 VENDORPATH\phpunit\phpunit\src\TextUI\Application.php(122): PHPUnit\TextUI\Application->loadBootstrapScript('C:\\xampp\\htdocs\\electric_company_dejesus\\system/Test/bootstrap.php')
 7 VENDORPATH\phpunit\phpunit\phpunit(104): PHPUnit\TextUI\Application->run([...])
 8 VENDORPATH\bin\phpunit(122): include('C:\\xampp\\htdocs\\electric_company_dejesus\\vendor\\phpunit\\phpunit\\phpunit')
WARNING - 2026-10-07 08:49:17 --> [DEPRECATED] Passing lowercase HTTP method "post" is deprecated. Use uppercase HTTP method like "POST". in SYSTEMPATH\Router\RouteCollection.php on line 1026.
 1 SYSTEMPATH\Router\RouteCollection.php(1026): trigger_error('Passing lowercase HTTP method "post" is deprecated. Use uppercase HTTP method like "POST".', 16384)
 2 APPPATH\Config\Routes.php(12): CodeIgniter\Router\RouteCollection->match([...], 'contact', 'Contact::index')
 3 SYSTEMPATH\Router\RouteCollection.php(339): require('C:\\xampp\\htdocs\\electric_company_dejesus\\app\\Config\\Routes.php')
 4 SYSTEMPATH\Test\bootstrap.php(90): CodeIgniter\Router\RouteCollection->loadRoutes()
 5 VENDORPATH\phpunit\phpunit\src\TextUI\Application.php(352): include_once('C:\\xampp\\htdocs\\electric_company_dejesus\\system\\Test\\bootstrap.php')
 6 VENDORPATH\phpunit\phpunit\src\TextUI\Application.php(122): PHPUnit\TextUI\Application->loadBootstrapScript('C:\\xampp\\htdocs\\electric_company_dejesus\\system/Test/bootstrap.php')
 7 VENDORPATH\phpunit\phpunit\phpunit(104): PHPUnit\TextUI\Application->run([...])
 8 VENDORPATH\bin\phpunit(122): include('C:\\xampp\\htdocs\\electric_company_dejesus\\vendor\\phpunit\\phpunit\\phpunit')
ERROR - 2026-10-07 11:44:19 --> mysqli_sql_exception: Unknown column 'username' in 'where clause' in C:\xampp\htdocs\electric_company_dejesus\system\Database\MySQLi\Connection.php:312
Stack trace:
#0 C:\xampp\htdocs\electric_company_dejesus\system\Database\MySQLi\Connection.php(312): mysqli->query('SELECT 1\nFROM `...', 0)
#1 C:\xampp\htdocs\electric_company_dejesus\system\Database\BaseConnection.php(729): CodeIgniter\Database\MySQLi\Connection->execute('SELECT 1\nFROM `...')
#2 C:\xampp\htdocs\electric_company_dejesus\system\Database\BaseConnection.php(646): CodeIgniter\Database\BaseConnection->simpleQuery('SELECT 1\nFROM `...')
#3 C:\xampp\htdocs\electric_company_dejesus\system\Database\BaseBuilder.php(1649): CodeIgniter\Database\BaseConnection->query('SELECT 1\nFROM `...', Array, false)
#4 C:\xampp\htdocs\electric_company_dejesus\system\Validation\Rules.php(175): CodeIgniter\Database\BaseBuilder->get()
#5 C:\xampp\htdocs\electric_company_dejesus\system\Validation\StrictRules\Rules.php(187): CodeIgniter\Validation\Rules->is_unique('reirei', 'user_accounts.u...', Array)
#6 C:\xampp\htdocs\electric_company_dejesus\system\Validation\Validation.php(336): CodeIgniter\Validation\StrictRules\Rules->is_unique('reirei', 'user_accounts.u...', Array, NULL, 'username')
#7 C:\xampp\htdocs\electric_company_dejesus\system\Validation\Validation.php(201): CodeIgniter\Validation\Validation->processRules('username', 'username', 'reirei', Array, Array, 'username')
#8 C:\xampp\htdocs\electric_company_dejesus\app\Controllers\Register.php(48): CodeIgniter\Validation\Validation->run()
#9 C:\xampp\htdocs\electric_company_dejesus\system\CodeIgniter.php(933): App\Controllers\Register->create()
#10 C:\xampp\htdocs\electric_company_dejesus\system\CodeIgniter.php(507): CodeIgniter\CodeIgniter->runController(Object(App\Controllers\Register))
#11 C:\xampp\htdocs\electric_company_dejesus\system\CodeIgniter.php(354): CodeIgniter\CodeIgniter->handleRequest(NULL, Object(Config\Cache), false)
#12 C:\xampp\htdocs\electric_company_dejesus\system\Boot.php(363): CodeIgniter\CodeIgniter->run()
#13 C:\xampp\htdocs\electric_company_dejesus\system\Boot.php(68): CodeIgniter\Boot::runCodeIgniter(Object(CodeIgniter\CodeIgniter))
#14 C:\xampp\htdocs\electric_company_dejesus\index.php(56): CodeIgniter\Boot::bootWeb(Object(Config\Paths))
#15 {main}
CRITICAL - 2026-10-07 11:44:19 --> CodeIgniter\Database\Exceptions\DatabaseException: Unknown column 'username' in 'where clause'
[Method: POST, Route: register]
in SYSTEMPATH\Database\BaseConnection.php on line 684.
 1 SYSTEMPATH\Database\BaseBuilder.php(1649): CodeIgniter\Database\BaseConnection->query('SELECT 1
FROM `user_accounts`
WHERE `username` = :username:
 LIMIT 1', [...], false)
 2 SYSTEMPATH\Validation\Rules.php(175): CodeIgniter\Database\BaseBuilder->get()
 3 SYSTEMPATH\Validation\StrictRules\Rules.php(187): CodeIgniter\Validation\Rules->is_unique('reirei', 'user_accounts.username', [...])
 4 SYSTEMPATH\Validation\Validation.php(336): CodeIgniter\Validation\StrictRules\Rules->is_unique('reirei', 'user_accounts.username', [...], null, 'username')
 5 SYSTEMPATH\Validation\Validation.php(201): CodeIgniter\Validation\Validation->processRules('username', 'username', 'reirei', [...], [...], 'username')
 6 APPPATH\Controllers\Register.php(48): CodeIgniter\Validation\Validation->run()
 7 SYSTEMPATH\CodeIgniter.php(933): App\Controllers\Register->create()
 8 SYSTEMPATH\CodeIgniter.php(507): CodeIgniter\CodeIgniter->runController(Object(App\Controllers\Register))
 9 SYSTEMPATH\CodeIgniter.php(354): CodeIgniter\CodeIgniter->handleRequest(null, Object(Config\Cache), false)
10 SYSTEMPATH\Boot.php(363): CodeIgniter\CodeIgniter->run()
11 SYSTEMPATH\Boot.php(68): CodeIgniter\Boot::runCodeIgniter(Object(CodeIgniter\CodeIgniter))
12 FCPATH\index.php(56): CodeIgniter\Boot::bootWeb(Object(Config\Paths))
CRITICAL - 2026-10-07 11:44:19 --> [Caused by] CodeIgniter\Database\Exceptions\DatabaseException: Unknown column 'username' in 'where clause'
in SYSTEMPATH\Database\MySQLi\Connection.php on line 317.
 1 SYSTEMPATH\Database\BaseConnection.php(729): CodeIgniter\Database\MySQLi\Connection->execute('SELECT 1
FROM `user_accounts`
WHERE `username` = \'reirei\'
 LIMIT 1')
 2 SYSTEMPATH\Database\BaseConnection.php(646): CodeIgniter\Database\BaseConnection->simpleQuery('SELECT 1
FROM `user_accounts`
WHERE `username` = \'reirei\'
 LIMIT 1')
 3 SYSTEMPATH\Database\BaseBuilder.php(1649): CodeIgniter\Database\BaseConnection->query('SELECT 1
FROM `user_accounts`
WHERE `username` = :username:
 LIMIT 1', [...], false)
 4 SYSTEMPATH\Validation\Rules.php(175): CodeIgniter\Database\BaseBuilder->get()
 5 SYSTEMPATH\Validation\StrictRules\Rules.php(187): CodeIgniter\Validation\Rules->is_unique('reirei', 'user_accounts.username', [...])
 6 SYSTEMPATH\Validation\Validation.php(336): CodeIgniter\Validation\StrictRules\Rules->is_unique('reirei', 'user_accounts.username', [...], null, 'username')
 7 SYSTEMPATH\Validation\Validation.php(201): CodeIgniter\Validation\Validation->processRules('username', 'username', 'reirei', [...], [...], 'username')
 8 APPPATH\Controllers\Register.php(48): CodeIgniter\Validation\Validation->run()
 9 SYSTEMPATH\CodeIgniter.php(933): App\Controllers\Register->create()
10 SYSTEMPATH\CodeIgniter.php(507): CodeIgniter\CodeIgniter->runController(Object(App\Controllers\Register))
11 SYSTEMPATH\CodeIgniter.php(354): CodeIgniter\CodeIgniter->handleRequest(null, Object(Config\Cache), false)
12 SYSTEMPATH\Boot.php(363): CodeIgniter\CodeIgniter->run()
13 SYSTEMPATH\Boot.php(68): CodeIgniter\Boot::runCodeIgniter(Object(CodeIgniter\CodeIgniter))
14 FCPATH\index.php(56): CodeIgniter\Boot::bootWeb(Object(Config\Paths))
CRITICAL - 2026-10-07 11:44:19 --> [Caused by] mysqli_sql_exception: Unknown column 'username' in 'where clause'
in SYSTEMPATH\Database\MySQLi\Connection.php on line 312.
 1 SYSTEMPATH\Database\MySQLi\Connection.php(312): mysqli->query('SELECT 1
FROM `user_accounts`
WHERE `username` = \'reirei\'
 LIMIT 1', 0)
 2 SYSTEMPATH\Database\BaseConnection.php(729): CodeIgniter\Database\MySQLi\Connection->execute('SELECT 1
FROM `user_accounts`
WHERE `username` = \'reirei\'
 LIMIT 1')
 3 SYSTEMPATH\Database\BaseConnection.php(646): CodeIgniter\Database\BaseConnection->simpleQuery('SELECT 1
FROM `user_accounts`
WHERE `username` = \'reirei\'
 LIMIT 1')
 4 SYSTEMPATH\Database\BaseBuilder.php(1649): CodeIgniter\Database\BaseConnection->query('SELECT 1
FROM `user_accounts`
WHERE `username` = :username:
 LIMIT 1', [...], false)
 5 SYSTEMPATH\Validation\Rules.php(175): CodeIgniter\Database\BaseBuilder->get()
 6 SYSTEMPATH\Validation\StrictRules\Rules.php(187): CodeIgniter\Validation\Rules->is_unique('reirei', 'user_accounts.username', [...])
 7 SYSTEMPATH\Validation\Validation.php(336): CodeIgniter\Validation\StrictRules\Rules->is_unique('reirei', 'user_accounts.username', [...], null, 'username')
 8 SYSTEMPATH\Validation\Validation.php(201): CodeIgniter\Validation\Validation->processRules('username', 'username', 'reirei', [...], [...], 'username')
 9 APPPATH\Controllers\Register.php(48): CodeIgniter\Validation\Validation->run()
10 SYSTEMPATH\CodeIgniter.php(933): App\Controllers\Register->create()
11 SYSTEMPATH\CodeIgniter.php(507): CodeIgniter\CodeIgniter->runController(Object(App\Controllers\Register))
12 SYSTEMPATH\CodeIgniter.php(354): CodeIgniter\CodeIgniter->handleRequest(null, Object(Config\Cache), false)
13 SYSTEMPATH\Boot.php(363): CodeIgniter\CodeIgniter->run()
14 SYSTEMPATH\Boot.php(68): CodeIgniter\Boot::runCodeIgniter(Object(CodeIgniter\CodeIgniter))
15 FCPATH\index.php(56): CodeIgniter\Boot::bootWeb(Object(Config\Paths))
ERROR - 2026-10-07 14:25:49 --> Error connecting to the database: ErrorException: mysqli::real_connect(): php_network_getaddresses: getaddrinfo for sql306.infinityfree.com failed: No such host is known.  in C:\xampp\htdocs\electric_company_dejesus\system\Database\MySQLi\Connection.php:201
Stack trace:
#0 [internal function]: CodeIgniter\Debug\Exceptions->errorHandler(2, 'mysqli::real_co...', 'C:\\xampp\\htdocs...', 201)
#1 C:\xampp\htdocs\electric_company_dejesus\system\Database\MySQLi\Connection.php(201): mysqli->real_connect('sql306.infinity...', 'if0_43109131', Object(SensitiveParameterValue), 'if0_43109131_el...', 3306, '', 0)
#2 C:\xampp\htdocs\electric_company_dejesus\system\Database\BaseConnection.php(419): CodeIgniter\Database\MySQLi\Connection->connect(false)
#3 C:\xampp\htdocs\electric_company_dejesus\system\Database\BaseConnection.php(614): CodeIgniter\Database\BaseConnection->initialize()
#4 C:\xampp\htdocs\electric_company_dejesus\system\Database\BaseConnection.php(1525): CodeIgniter\Database\BaseConnection->query('SHOW TABLES FRO...')
#5 C:\xampp\htdocs\electric_company_dejesus\system\Database\BaseConnection.php(1545): CodeIgniter\Database\BaseConnection->listTables()
#6 C:\xampp\htdocs\electric_company_dejesus\system\Database\MigrationRunner.php(766): CodeIgniter\Database\BaseConnection->tableExists('migrations')
#7 C:\xampp\htdocs\electric_company_dejesus\system\Database\MigrationRunner.php(644): CodeIgniter\Database\MigrationRunner->ensureTable()
#8 C:\xampp\htdocs\electric_company_dejesus\system\Commands\Database\MigrateStatus.php(115): CodeIgniter\Database\MigrationRunner->getHistory('')
#9 C:\xampp\htdocs\electric_company_dejesus\system\CLI\Commands.php(74): CodeIgniter\Commands\Database\MigrateStatus->run(Array)
#10 C:\xampp\htdocs\electric_company_dejesus\system\CLI\Console.php(47): CodeIgniter\CLI\Commands->run('migrate:status', Array)
#11 C:\xampp\htdocs\electric_company_dejesus\system\Boot.php(388): CodeIgniter\CLI\Console->run()
#12 C:\xampp\htdocs\electric_company_dejesus\system\Boot.php(133): CodeIgniter\Boot::runCommand(Object(CodeIgniter\CLI\Console))
#13 C:\xampp\htdocs\electric_company_dejesus\spark(87): CodeIgniter\Boot::bootSpark(Object(Config\Paths))
#14 {main}

Next mysqli_sql_exception: php_network_getaddresses: getaddrinfo for sql306.infinityfree.com failed: No such host is known.  in C:\xampp\htdocs\electric_company_dejesus\system\Database\MySQLi\Connection.php:201
Stack trace:
#0 C:\xampp\htdocs\electric_company_dejesus\system\Database\MySQLi\Connection.php(201): mysqli->real_connect('sql306.infinity...', 'if0_43109131', Object(SensitiveParameterValue), 'if0_43109131_el...', 3306, '', 0)
#1 C:\xampp\htdocs\electric_company_dejesus\system\Database\BaseConnection.php(419): CodeIgniter\Database\MySQLi\Connection->connect(false)
#2 C:\xampp\htdocs\electric_company_dejesus\system\Database\BaseConnection.php(614): CodeIgniter\Database\BaseConnection->initialize()
#3 C:\xampp\htdocs\electric_company_dejesus\system\Database\BaseConnection.php(1525): CodeIgniter\Database\BaseConnection->query('SHOW TABLES FRO...')
#4 C:\xampp\htdocs\electric_company_dejesus\system\Database\BaseConnection.php(1545): CodeIgniter\Database\BaseConnection->listTables()
#5 C:\xampp\htdocs\electric_company_dejesus\system\Database\MigrationRunner.php(766): CodeIgniter\Database\BaseConnection->tableExists('migrations')
#6 C:\xampp\htdocs\electric_company_dejesus\system\Database\MigrationRunner.php(644): CodeIgniter\Database\MigrationRunner->ensureTable()
#7 C:\xampp\htdocs\electric_company_dejesus\system\Commands\Database\MigrateStatus.php(115): CodeIgniter\Database\MigrationRunner->getHistory('')
#8 C:\xampp\htdocs\electric_company_dejesus\system\CLI\Commands.php(74): CodeIgniter\Commands\Database\MigrateStatus->run(Array)
#9 C:\xampp\htdocs\electric_company_dejesus\system\CLI\Console.php(47): CodeIgniter\CLI\Commands->run('migrate:status', Array)
#10 C:\xampp\htdocs\electric_company_dejesus\system\Boot.php(388): CodeIgniter\CLI\Console->run()
#11 C:\xampp\htdocs\electric_company_dejesus\system\Boot.php(133): CodeIgniter\Boot::runCommand(Object(CodeIgniter\CLI\Console))
#12 C:\xampp\htdocs\electric_company_dejesus\spark(87): CodeIgniter\Boot::bootSpark(Object(Config\Paths))
#13 {main}

Next CodeIgniter\Database\Exceptions\DatabaseException: php_network_getaddresses: getaddrinfo for sql306.infinityfree.com failed: No such host is known.  in C:\xampp\htdocs\electric_company_dejesus\system\Database\MySQLi\Connection.php:231
Stack trace:
#0 C:\xampp\htdocs\electric_company_dejesus\system\Database\BaseConnection.php(419): CodeIgniter\Database\MySQLi\Connection->connect(false)
#1 C:\xampp\htdocs\electric_company_dejesus\system\Database\BaseConnection.php(614): CodeIgniter\Database\BaseConnection->initialize()
#2 C:\xampp\htdocs\electric_company_dejesus\system\Database\BaseConnection.php(1525): CodeIgniter\Database\BaseConnection->query('SHOW TABLES FRO...')
#3 C:\xampp\htdocs\electric_company_dejesus\system\Database\BaseConnection.php(1545): CodeIgniter\Database\BaseConnection->listTables()
#4 C:\xampp\htdocs\electric_company_dejesus\system\Database\MigrationRunner.php(766): CodeIgniter\Database\BaseConnection->tableExists('migrations')
#5 C:\xampp\htdocs\electric_company_dejesus\system\Database\MigrationRunner.php(644): CodeIgniter\Database\MigrationRunner->ensureTable()
#6 C:\xampp\htdocs\electric_company_dejesus\system\Commands\Database\MigrateStatus.php(115): CodeIgniter\Database\MigrationRunner->getHistory('')
#7 C:\xampp\htdocs\electric_company_dejesus\system\CLI\Commands.php(74): CodeIgniter\Commands\Database\MigrateStatus->run(Array)
#8 C:\xampp\htdocs\electric_company_dejesus\system\CLI\Console.php(47): CodeIgniter\CLI\Commands->run('migrate:status', Array)
#9 C:\xampp\htdocs\electric_company_dejesus\system\Boot.php(388): CodeIgniter\CLI\Console->run()
#10 C:\xampp\htdocs\electric_company_dejesus\system\Boot.php(133): CodeIgniter\Boot::runCommand(Object(CodeIgniter\CLI\Console))
#11 C:\xampp\htdocs\electric_company_dejesus\spark(87): CodeIgniter\Boot::bootSpark(Object(Config\Paths))
#12 {main}
CRITICAL - 2026-10-07 14:25:49 --> CodeIgniter\Database\Exceptions\DatabaseException: Unable to connect to the database.
Main connection [MySQLi]: php_network_getaddresses: getaddrinfo for sql306.infinityfree.com failed: No such host is known. 
[Method: CLI, Route: migrate:status]
in SYSTEMPATH\Database\BaseConnection.php on line 465.
 1 SYSTEMPATH\Database\BaseConnection.php(614): CodeIgniter\Database\BaseConnection->initialize()
 2 SYSTEMPATH\Database\BaseConnection.php(1525): CodeIgniter\Database\BaseConnection->query('SHOW TABLES FROM `if0_43109131_electriccompany`')
 3 SYSTEMPATH\Database\BaseConnection.php(1545): CodeIgniter\Database\BaseConnection->listTables()
 4 SYSTEMPATH\Database\MigrationRunner.php(766): CodeIgniter\Database\BaseConnection->tableExists('migrations')
 5 SYSTEMPATH\Database\MigrationRunner.php(644): CodeIgniter\Database\MigrationRunner->ensureTable()
 6 SYSTEMPATH\Commands\Database\MigrateStatus.php(115): CodeIgniter\Database\MigrationRunner->getHistory('')
 7 SYSTEMPATH\CLI\Commands.php(74): CodeIgniter\Commands\Database\MigrateStatus->run([])
 8 SYSTEMPATH\CLI\Console.php(47): CodeIgniter\CLI\Commands->run('migrate:status', [])
 9 SYSTEMPATH\Boot.php(388): CodeIgniter\CLI\Console->run()
10 SYSTEMPATH\Boot.php(133): CodeIgniter\Boot::runCommand(Object(CodeIgniter\CLI\Console))
11 ROOTPATH\spark(87): CodeIgniter\Boot::bootSpark(Object(Config\Paths))
